2026-05-19 16:49:09  INFO      ╔══════════════════════════════════════════════╗
2026-05-19 16:49:09  INFO      ║     Steam Data Collector for DST Platform    ║
2026-05-19 16:49:09  INFO      ╠══════════════════════════════════════════════╣
2026-05-19 16:49:09  INFO      ║  Output: data\steam_samples                  ║
2026-05-19 16:49:09  INFO      ╚══════════════════════════════════════════════╝
2026-05-19 16:49:09  INFO      
2026-05-19 16:49:09  INFO      ━━━ PHASE 1/2: Workshop Data ━━━
2026-05-19 16:49:09  INFO      === [Workshop] Hot mods (top 500, 50/page) ===
2026-05-19 16:49:12  INFO      API  OK    2.44s  IPublishedFileService/QueryFiles/v1
2026-05-19 16:49:12  INFO      Saved  workshop\hot_mods_page1.json
2026-05-19 16:49:12  INFO        Page 1/10: 50 mods (total so far: 50)
2026-05-19 16:49:14  INFO      API  OK    1.97s  IPublishedFileService/QueryFiles/v1
2026-05-19 16:49:14  INFO      Saved  workshop\hot_mods_page2.json
2026-05-19 16:49:14  INFO        Page 2/10: 50 mods (total so far: 100)
2026-05-19 16:49:16  INFO      API  OK    2.22s  IPublishedFileService/QueryFiles/v1
2026-05-19 16:49:16  INFO      Saved  workshop\hot_mods_page3.json
2026-05-19 16:49:16  INFO        Page 3/10: 50 mods (total so far: 150)
2026-05-19 16:49:18  INFO      API  OK    1.95s  IPublishedFileService/QueryFiles/v1
2026-05-19 16:49:18  INFO      Saved  workshop\hot_mods_page4.json
2026-05-19 16:49:18  INFO        Page 4/10: 50 mods (total so far: 200)
2026-05-19 16:49:20  INFO      API  OK    2.41s  IPublishedFileService/QueryFiles/v1
2026-05-19 16:49:20  INFO      Saved  workshop\hot_mods_page5.json
2026-05-19 16:49:20  INFO        Page 5/10: 50 mods (total so far: 250)
2026-05-19 16:49:23  INFO      API  OK    2.44s  IPublishedFileService/QueryFiles/v1
2026-05-19 16:49:23  INFO      Saved  workshop\hot_mods_page6.json
2026-05-19 16:49:23  INFO        Page 6/10: 50 mods (total so far: 300)
2026-05-19 16:49:25  INFO      API  OK    2.10s  IPublishedFileService/QueryFiles/v1
2026-05-19 16:49:25  INFO      Saved  workshop\hot_mods_page7.json
2026-05-19 16:49:25  INFO        Page 7/10: 50 mods (total so far: 350)
2026-05-19 16:49:27  INFO      API  OK    2.37s  IPublishedFileService/QueryFiles/v1
2026-05-19 16:49:27  INFO      Saved  workshop\hot_mods_page8.json
2026-05-19 16:49:27  INFO        Page 8/10: 50 mods (total so far: 400)
2026-05-19 16:49:29  INFO      API  OK    2.05s  IPublishedFileService/QueryFiles/v1
2026-05-19 16:49:29  INFO      Saved  workshop\hot_mods_page9.json
2026-05-19 16:49:29  INFO        Page 9/10: 50 mods (total so far: 450)
2026-05-19 16:49:32  INFO      API  OK    2.40s  IPublishedFileService/QueryFiles/v1
2026-05-19 16:49:32  INFO      Saved  workshop\hot_mods_page10.json
2026-05-19 16:49:32  INFO        Page 10/10: 50 mods (total so far: 500)
2026-05-19 16:49:32  INFO      Saved  workshop\hot_mods_combined.json
2026-05-19 16:49:32  INFO      === [Workshop] Individual mod details (10 mods) ===
2026-05-19 16:49:33  INFO      API  OK    1.51s  IPublishedFileService/QueryFiles/v1
2026-05-19 16:49:33  INFO      Saved  workshop\mod_378160973.json
2026-05-19 16:49:35  INFO      API  OK    1.47s  IPublishedFileService/QueryFiles/v1
2026-05-19 16:49:35  INFO      Saved  workshop\mod_350811795.json
2026-05-19 16:49:36  INFO      API  OK    1.45s  IPublishedFileService/QueryFiles/v1
2026-05-19 16:49:36  INFO      Saved  workshop\mod_356930882.json
2026-05-19 16:49:37  INFO      API  OK    1.47s  IPublishedFileService/QueryFiles/v1
2026-05-19 16:49:37  INFO      Saved  workshop\mod_375859599.json
2026-05-19 16:49:39  INFO      API  OK    1.44s  IPublishedFileService/QueryFiles/v1
2026-05-19 16:49:39  INFO      Saved  workshop\mod_661253977.json
2026-05-19 16:49:40  INFO      API  OK    1.50s  IPublishedFileService/QueryFiles/v1
2026-05-19 16:49:40  INFO      Saved  workshop\mod_362175979.json
2026-05-19 16:49:42  INFO      API  OK    1.47s  IPublishedFileService/QueryFiles/v1
2026-05-19 16:49:42  INFO      Saved  workshop\mod_462434129.json
2026-05-19 16:49:43  INFO      API  OK    1.46s  IPublishedFileService/QueryFiles/v1
2026-05-19 16:49:43  INFO      Saved  workshop\mod_458940297.json
2026-05-19 16:49:45  INFO      API  OK    1.46s  IPublishedFileService/QueryFiles/v1
2026-05-19 16:49:45  INFO      Saved  workshop\mod_563663595.json
2026-05-19 16:49:46  INFO      API  OK    1.48s  IPublishedFileService/QueryFiles/v1
2026-05-19 16:49:46  INFO      Saved  workshop\mod_458587300.json
2026-05-19 16:49:46  INFO      === [Workshop] Search queries (14 queries) ===
2026-05-19 16:49:46  INFO        Search: ''
2026-05-19 16:49:48  INFO      API  OK    2.04s  IPublishedFileService/QueryFiles/v1
2026-05-19 16:49:48  INFO      Saved  workshop\search_empty.json
2026-05-19 16:49:48  INFO        Search: 'quality of life'
2026-05-19 16:49:50  INFO      API  OK    2.10s  IPublishedFileService/QueryFiles/v1
2026-05-19 16:49:50  INFO      Saved  workshop\search_qol.json
2026-05-19 16:49:50  INFO        Search: 'boss'
2026-05-19 16:49:52  INFO      API  OK    2.04s  IPublishedFileService/QueryFiles/v1
2026-05-19 16:49:52  INFO      Saved  workshop\search_boss.json
2026-05-19 16:49:52  INFO        Search: 'character'
2026-05-19 16:49:54  INFO      API  OK    2.03s  IPublishedFileService/QueryFiles/v1
2026-05-19 16:49:54  INFO      Saved  workshop\search_character.json
2026-05-19 16:49:54  INFO        Search: 'crock pot'
2026-05-19 16:49:56  INFO      API  OK    1.81s  IPublishedFileService/QueryFiles/v1
2026-05-19 16:49:56  INFO      Saved  workshop\search_food.json
2026-05-19 16:49:56  INFO        Search: 'backpack'
2026-05-19 16:49:58  INFO      API  OK    1.78s  IPublishedFileService/QueryFiles/v1
2026-05-19 16:49:58  INFO      Saved  workshop\search_bag.json
2026-05-19 16:49:58  INFO        Search: 'base building'
2026-05-19 16:50:00  INFO      API  OK    1.84s  IPublishedFileService/QueryFiles/v1
2026-05-19 16:50:00  INFO      Saved  workshop\search_base.json
2026-05-19 16:50:00  INFO        Search: 'health bar'
2026-05-19 16:50:02  INFO      API  OK    1.75s  IPublishedFileService/QueryFiles/v1
2026-05-19 16:50:02  INFO      Saved  workshop\search_health.json
2026-05-19 16:50:02  INFO        Search: 'farming'
2026-05-19 16:50:05  INFO      API  OK    3.00s  IPublishedFileService/QueryFiles/v1
2026-05-19 16:50:05  INFO      Saved  workshop\search_farming.json
2026-05-19 16:50:05  INFO        Search: 'map'
2026-05-19 16:50:07  INFO      API  OK    2.07s  IPublishedFileService/QueryFiles/v1
2026-05-19 16:50:07  INFO      Saved  workshop\search_map.json
2026-05-19 16:50:07  INFO        Search: 'inventory'
2026-05-19 16:50:09  INFO      API  OK    2.67s  IPublishedFileService/QueryFiles/v1
2026-05-19 16:50:09  INFO      Saved  workshop\search_inventory.json
2026-05-19 16:50:09  INFO        Search: 'skin'
2026-05-19 16:50:11  INFO      API  OK    1.75s  IPublishedFileService/QueryFiles/v1
2026-05-19 16:50:11  INFO      Saved  workshop\search_skin.json
2026-05-19 16:50:11  INFO        Search: 'combined status'
2026-05-19 16:50:13  INFO      API  OK    1.78s  IPublishedFileService/QueryFiles/v1
2026-05-19 16:50:13  INFO      Saved  workshop\search_status.json
2026-05-19 16:50:13  INFO        Search: 'equip slot'
2026-05-19 16:50:15  INFO      API  OK    1.77s  IPublishedFileService/QueryFiles/v1
2026-05-19 16:50:15  INFO      Saved  workshop\search_equip.json
2026-05-19 16:50:15  INFO      
2026-05-19 16:50:15  INFO      ━━━ PHASE 2/2: Steam Metadata ━━━
2026-05-19 16:50:15  INFO      === [Steam] DST version check ===
2026-05-19 16:50:16  ERROR     API  ERR   1.45s  ISteamApps/GetAppBuilds/v1  HTTP Error 403: Forbidden
2026-05-19 16:50:18  INFO      API  OK    1.46s  ISteamApps/UpToDateCheck/v1
2026-05-19 16:50:19  ERROR     API  ERR   1.42s  ISteamApps/GetAppBuilds/v1  HTTP Error 403: Forbidden
2026-05-19 16:50:21  INFO      API  OK    1.51s  ISteamApps/UpToDateCheck/v1
2026-05-19 16:50:21  INFO      Saved  steam\versions.json
2026-05-19 16:50:21  INFO      === [Steam] DST news ===
2026-05-19 16:50:22  INFO      API  OK    1.53s  ISteamNews/GetNewsForApp/v2
2026-05-19 16:50:22  INFO      Saved  steam\news_dst.json
2026-05-19 16:50:22  INFO      === [Steam] Current player count ===
2026-05-19 16:50:24  INFO      API  OK    1.49s  ISteamUserStats/GetNumberOfCurrentPlayers/v1
2026-05-19 16:50:24  INFO      Saved  steam\player_count.json
2026-05-19 16:50:24  INFO      
2026-05-19 16:50:24  INFO      === Generating summary ===
2026-05-19 16:50:24  INFO      Summary saved: data\steam_samples\summary.json
2026-05-19 16:50:24  INFO      
2026-05-19 16:50:24  INFO      Done in 74.5s! Copy this directory to the dev machine:
2026-05-19 16:50:24  INFO        E:\饥荒\DontStarveTool\data\steam_samples
